[36mvite v7.3.0 [32mbuilding client environment for production...[36m[39m
transforming...
node : Browserslist: browsers data (caniuse-lite) is 6 months old. Please run:
At line:1 char:1
+ node "node_modules/vite/bin/vite.js" build > ../build-output.txt 2>&1 ...
+ ~~~~~~~~~~~~~~~~~~~~~~~~~~~~~~~~~~~~~~~~~~~~~~~~~~~~~~~~~~~~~~~~~~~~~
    + CategoryInfo          : NotSpecified: (Browserslist: b...ld. Please run::String)  
   [], RemoteException
    + FullyQualifiedErrorId : NativeCommandError
 
  npx update-browserslist-db@latest
  Why you should do it regularly: https://github.com/browserslist/update-db#readme
[32mΓ£ô[39m 30 modules transformed.
[31mΓ£ù[39m Build failed in 1.56s
[31merror during build:
[31m[vite:esbuild] Transform failed with 1 error:
C:/Users/darre/OneDrive/Desktop/aura-core-monolith-main/aura-console/src/components/tool
s/SelfServicePortal.jsx:328:0: ERROR: Unexpected "}"[31m
file: [36mC:/Users/darre/OneDrive/Desktop/aura-core-monolith-main/aura-console/src/comp
onents/tools/SelfServicePortal.jsx:328:0[31m
[33m
[33mUnexpected "}"[33m
326 |   </div>
327 |   );
328 |  }
    |  ^
329 |  
330 |  
[31m
    at failureErrorWithLog (C:\Users\darre\OneDrive\Desktop\aura-core-monolith-main\aura
-console\node_modules\esbuild\lib\main.js:1467:15)
    at C:\Users\darre\OneDrive\Desktop\aura-core-monolith-main\aura-console\node_modules
\esbuild\lib\main.js:736:50
    at responseCallbacks.<computed> (C:\Users\darre\OneDrive\Desktop\aura-core-monolith-
main\aura-console\node_modules\esbuild\lib\main.js:603:9)
    at handleIncomingPacket (C:\Users\darre\OneDrive\Desktop\aura-core-monolith-main\aur
a-console\node_modules\esbuild\lib\main.js:658:12)
    at Socket.readFromStdout (C:\Users\darre\OneDrive\Desktop\aura-core-monolith-main\au
ra-console\node_modules\esbuild\lib\main.js:581:7)
    at Socket.emit (node:events:508:28)
    at addChunk (node:internal/streams/readable:559:12)
    at readableAddChunkPushByteMode (node:internal/streams/readable:510:3)
    at Readable.push (node:internal/streams/readable:390:5)
    at Pipe.onStreamRead (node:internal/stream_base_commons:189:23)[39m
